0 verbose cli /usr/bin/node-24 /usr/bin/npm
1 info using npm@11.19.0
2 info using node@v24.21.0
3 silly config load:file:/usr/lib/nodejs24/lib/node_modules/npm/npmrc
4 silly config load:file:/home/ec2-user/myapp/backend/.npmrc
5 silly config load:file:/home/ec2-user/.npmrc
6 silly config load:file:/usr/lib/nodejs24/etc/npmrc
7 verbose title npm install
8 verbose argv "install"
9 verbose logfile logs-max:10 dir:/home/ec2-user/.npm/_logs/2026-10-06T09_30_31_150Z-
10 verbose logfile /home/ec2-user/.npm/_logs/2026-10-06T09_30_31_150Z-debug-0.log
11 silly logfile done cleaning log files
12 silly packumentCache heap:529268736 maxSize:132317184 maxEntrySize:66158592
13 silly idealTree buildDeps
14 silly fetch manifest cors@^2.8.5
15 silly packumentCache full:https://registry.npmjs.org/cors cache-miss
16 http fetch GET 200 https://registry.npmjs.org/cors 45ms (cache miss)
17 silly packumentCache full:https://registry.npmjs.org/cors set size:undefined disposed:false
18 silly fetch manifest express@^4.21.2
19 silly packumentCache full:https://registry.npmjs.org/express cache-miss
20 http fetch GET 200 https://registry.npmjs.org/npm 127ms
21 http fetch GET 200 https://registry.npmjs.org/express 88ms (cache miss)
22 silly packumentCache full:https://registry.npmjs.org/express set size:undefined disposed:false
23 silly fetch manifest nodemon@^3.1.7
24 silly packumentCache full:https://registry.npmjs.org/nodemon cache-miss
25 http fetch GET 200 https://registry.npmjs.org/nodemon 44ms (cache miss)
26 silly packumentCache full:https://registry.npmjs.org/nodemon set size:undefined disposed:false
27 silly placeDep ROOT cors@2.8.6 OK for: restaurant-backend@1.0.0 want: ^2.8.5
28 silly placeDep ROOT express@4.22.3 OK for: restaurant-backend@1.0.0 want: ^4.21.2
29 silly placeDep ROOT nodemon@3.1.14 OK for: restaurant-backend@1.0.0 want: ^3.1.7
30 silly fetch manifest object-assign@^4
31 silly packumentCache full:https://registry.npmjs.org/object-assign cache-miss
32 http fetch GET 200 https://registry.npmjs.org/object-assign 24ms (cache miss)
33 silly packumentCache full:https://registry.npmjs.org/object-assign set size:undefined disposed:false
34 silly fetch manifest vary@^1
35 silly packumentCache full:https://registry.npmjs.org/vary cache-miss
36 http fetch GET 200 https://registry.npmjs.org/vary 19ms (cache miss)
37 silly packumentCache full:https://registry.npmjs.org/vary set size:undefined disposed:false
38 silly fetch manifest qs@~6.16.0
39 silly packumentCache full:https://registry.npmjs.org/qs cache-miss
40 http fetch GET 200 https://registry.npmjs.org/qs 34ms (cache miss)
41 silly packumentCache full:https://registry.npmjs.org/qs set size:undefined disposed:false
42 silly fetch manifest depd@2.0.0
43 silly packumentCache full:https://registry.npmjs.org/depd cache-miss
44 http fetch GET 200 https://registry.npmjs.org/depd 24ms (cache miss)
45 silly packumentCache full:https://registry.npmjs.org/depd set size:undefined disposed:false
46 silly fetch manifest etag@~1.8.1
47 silly packumentCache full:https://registry.npmjs.org/etag cache-miss
48 http fetch GET 200 https://registry.npmjs.org/etag 20ms (cache miss)
49 silly packumentCache full:https://registry.npmjs.org/etag set size:undefined disposed:false
50 silly fetch manifest send@~0.19.0
51 silly packumentCache full:https://registry.npmjs.org/send cache-miss
52 http fetch GET 200 https://registry.npmjs.org/send 27ms (cache miss)
53 silly packumentCache full:https://registry.npmjs.org/send set size:undefined disposed:false
54 silly fetch manifest vary@~1.1.2
55 silly packumentCache full:https://registry.npmjs.org/vary cache-miss
56 http cache https://registry.npmjs.org/vary 6ms (cache hit)
57 silly packumentCache full:https://registry.npmjs.org/vary set size:15994 disposed:false
58 silly fetch manifest debug@2.6.9
59 silly packumentCache full:https://registry.npmjs.org/debug cache-miss
60 http fetch GET 200 https://registry.npmjs.org/debug 27ms (cache miss)
61 silly packumentCache full:https://registry.npmjs.org/debug set size:undefined disposed:false
62 silly fetch manifest fresh@~0.5.2
63 silly packumentCache full:https://registry.npmjs.org/fresh cache-miss
64 http fetch GET 200 https://registry.npmjs.org/fresh 24ms (cache miss)
65 silly packumentCache full:https://registry.npmjs.org/fresh set size:undefined disposed:false
66 silly fetch manifest cookie@~0.7.1
67 silly packumentCache full:https://registry.npmjs.org/cookie cache-miss
68 http fetch GET 200 https://registry.npmjs.org/cookie 45ms (cache miss)
69 silly packumentCache full:https://registry.npmjs.org/cookie set size:undefined disposed:false
70 silly fetch manifest accepts@~1.3.8
71 silly packumentCache full:https://registry.npmjs.org/accepts cache-miss
72 http fetch GET 200 https://registry.npmjs.org/accepts 20ms (cache miss)
73 silly packumentCache full:https://registry.npmjs.org/accepts set size:undefined disposed:false
74 silly fetch manifest methods@~1.1.2
75 silly packumentCache full:https://registry.npmjs.org/methods cache-miss
76 http fetch GET 200 https://registry.npmjs.org/methods 19ms (cache miss)
77 silly packumentCache full:https://registry.npmjs.org/methods set size:undefined disposed:false
78 silly fetch manifest type-is@~1.6.18
79 silly packumentCache full:https://registry.npmjs.org/type-is cache-miss
80 http fetch GET 200 https://registry.npmjs.org/type-is 24ms (cache miss)
81 silly packumentCache full:https://registry.npmjs.org/type-is set size:undefined disposed:false
82 silly fetch manifest parseurl@~1.3.3
83 silly packumentCache full:https://registry.npmjs.org/parseurl cache-miss
84 http fetch GET 200 https://registry.npmjs.org/parseurl 20ms (cache miss)
85 silly packumentCache full:https://registry.npmjs.org/parseurl set size:undefined disposed:false
86 silly fetch manifest statuses@~2.0.1
87 silly packumentCache full:https://registry.npmjs.org/statuses cache-miss
88 http fetch GET 200 https://registry.npmjs.org/statuses 19ms (cache miss)
89 silly packumentCache full:https://registry.npmjs.org/statuses set size:undefined disposed:false
90 silly fetch manifest encodeurl@~2.0.0
91 silly packumentCache full:https://registry.npmjs.org/encodeurl cache-miss
92 http fetch GET 200 https://registry.npmjs.org/encodeurl 27ms (cache miss)
93 silly packumentCache full:https://registry.npmjs.org/encodeurl set size:undefined disposed:false
94 silly fetch manifest proxy-addr@~2.0.7
95 silly packumentCache full:https://registry.npmjs.org/proxy-addr cache-miss
96 http fetch GET 200 https://registry.npmjs.org/proxy-addr 21ms (cache miss)
97 silly packumentCache full:https://registry.npmjs.org/proxy-addr set size:undefined disposed:false
98 silly fetch manifest body-parser@~1.20.5
99 silly packumentCache full:https://registry.npmjs.org/body-parser cache-miss
100 http fetch GET 200 https://registry.npmjs.org/body-parser 32ms (cache miss)
101 silly packumentCache full:https://registry.npmjs.org/body-parser set size:undefined disposed:false
102 silly fetch manifest escape-html@~1.0.3
103 silly packumentCache full:https://registry.npmjs.org/escape-html cache-miss
104 http fetch GET 200 https://registry.npmjs.org/escape-html 21ms (cache miss)
105 silly packumentCache full:https://registry.npmjs.org/escape-html set size:undefined disposed:false
106 silly fetch manifest http-errors@~2.0.0
107 silly packumentCache full:https://registry.npmjs.org/http-errors cache-miss
108 http fetch GET 200 https://registry.npmjs.org/http-errors 23ms (cache miss)
109 silly packumentCache full:https://registry.npmjs.org/http-errors set size:undefined disposed:false
110 silly fetch manifest on-finished@~2.4.1
111 silly packumentCache full:https://registry.npmjs.org/on-finished cache-miss
112 http fetch GET 200 https://registry.npmjs.org/on-finished 21ms (cache miss)
113 silly packumentCache full:https://registry.npmjs.org/on-finished set size:undefined disposed:false
114 silly fetch manifest safe-buffer@5.2.1
115 silly packumentCache full:https://registry.npmjs.org/safe-buffer cache-miss
116 http fetch GET 200 https://registry.npmjs.org/safe-buffer 23ms (cache miss)
117 silly packumentCache full:https://registry.npmjs.org/safe-buffer set size:undefined disposed:false
118 silly fetch manifest utils-merge@1.0.1
119 silly packumentCache full:https://registry.npmjs.org/utils-merge cache-miss
120 http fetch GET 200 https://registry.npmjs.org/utils-merge 20ms (cache miss)
121 silly packumentCache full:https://registry.npmjs.org/utils-merge set size:undefined disposed:false
122 silly fetch manifest content-type@~1.0.4
123 silly packumentCache full:https://registry.npmjs.org/content-type cache-miss
124 http fetch GET 200 https://registry.npmjs.org/content-type 26ms (cache miss)
125 silly packumentCache full:https://registry.npmjs.org/content-type set size:undefined disposed:false
126 silly fetch manifest finalhandler@~1.3.1
127 silly packumentCache full:https://registry.npmjs.org/finalhandler cache-miss
128 http fetch GET 200 https://registry.npmjs.org/finalhandler 26ms (cache miss)
129 silly packumentCache full:https://registry.npmjs.org/finalhandler set size:undefined disposed:false
130 silly fetch manifest range-parser@~1.2.1
131 silly packumentCache full:https://registry.npmjs.org/range-parser cache-miss
132 http fetch GET 200 https://registry.npmjs.org/range-parser 29ms (cache miss)
133 silly packumentCache full:https://registry.npmjs.org/range-parser set size:undefined disposed:false
134 silly fetch manifest serve-static@~1.16.2
135 silly packumentCache full:https://registry.npmjs.org/serve-static cache-miss
136 http fetch GET 200 https://registry.npmjs.org/serve-static 23ms (cache miss)
137 silly packumentCache full:https://registry.npmjs.org/serve-static set size:undefined disposed:false
138 silly fetch manifest array-flatten@1.1.1
139 silly packumentCache full:https://registry.npmjs.org/array-flatten cache-miss
140 http fetch GET 200 https://registry.npmjs.org/array-flatten 22ms (cache miss)
141 silly packumentCache full:https://registry.npmjs.org/array-flatten set size:undefined disposed:false
142 silly fetch manifest path-to-regexp@~0.1.13
143 silly packumentCache full:https://registry.npmjs.org/path-to-regexp cache-miss
144 http fetch GET 200 https://registry.npmjs.org/path-to-regexp 35ms (cache miss)
145 silly packumentCache full:https://registry.npmjs.org/path-to-regexp set size:undefined disposed:false
146 silly fetch manifest setprototypeof@1.2.0
147 silly packumentCache full:https://registry.npmjs.org/setprototypeof cache-miss
148 http fetch GET 200 https://registry.npmjs.org/setprototypeof 23ms (cache miss)
149 silly packumentCache full:https://registry.npmjs.org/setprototypeof set size:undefined disposed:false
150 silly fetch manifest cookie-signature@~1.0.6
151 silly packumentCache full:https://registry.npmjs.org/cookie-signature cache-miss
152 http fetch GET 200 https://registry.npmjs.org/cookie-signature 22ms (cache miss)
153 silly packumentCache full:https://registry.npmjs.org/cookie-signature set size:undefined disposed:false
154 silly fetch manifest merge-descriptors@1.0.3
155 silly packumentCache full:https://registry.npmjs.org/merge-descriptors cache-miss
156 http fetch GET 200 https://registry.npmjs.org/merge-descriptors 21ms (cache miss)
157 silly packumentCache full:https://registry.npmjs.org/merge-descriptors set size:undefined disposed:false
158 silly fetch manifest content-disposition@~0.5.4
159 silly packumentCache full:https://registry.npmjs.org/content-disposition cache-miss
160 http fetch GET 200 https://registry.npmjs.org/content-disposition 20ms (cache miss)
161 silly packumentCache full:https://registry.npmjs.org/content-disposition set size:undefined disposed:false
162 silly fetch manifest debug@^4
163 silly packumentCache full:https://registry.npmjs.org/debug cache-miss
164 http cache https://registry.npmjs.org/debug 3ms (cache hit)
165 silly packumentCache full:https://registry.npmjs.org/debug set size:195840 disposed:false
166 silly fetch manifest touch@^3.1.0
167 silly packumentCache full:https://registry.npmjs.org/touch cache-miss
168 http fetch GET 200 https://registry.npmjs.org/touch 22ms (cache miss)
169 silly packumentCache full:https://registry.npmjs.org/touch set size:undefined disposed:false
170 silly fetch manifest semver@^7.5.3
171 silly packumentCache full:https://registry.npmjs.org/semver cache-miss
172 http fetch GET 200 https://registry.npmjs.org/semver 30ms (cache miss)
173 silly packumentCache full:https://registry.npmjs.org/semver set size:undefined disposed:false
174 silly fetch manifest chokidar@^3.5.2
175 silly packumentCache full:https://registry.npmjs.org/chokidar cache-miss
176 http fetch GET 200 https://registry.npmjs.org/chokidar 35ms (cache miss)
177 silly packumentCache full:https://registry.npmjs.org/chokidar set size:undefined disposed:false
178 silly fetch manifest minimatch@^10.2.1
179 silly packumentCache full:https://registry.npmjs.org/minimatch cache-miss
180 http fetch GET 200 https://registry.npmjs.org/minimatch 44ms (cache miss)
181 silly packumentCache full:https://registry.npmjs.org/minimatch set size:undefined disposed:false
182 silly fetch manifest undefsafe@^2.0.5
183 silly packumentCache full:https://registry.npmjs.org/undefsafe cache-miss
184 http fetch GET 200 https://registry.npmjs.org/undefsafe 21ms (cache miss)
185 silly packumentCache full:https://registry.npmjs.org/undefsafe set size:undefined disposed:false
186 silly fetch manifest pstree.remy@^1.1.8
187 silly packumentCache full:https://registry.npmjs.org/pstree.remy cache-miss
188 http fetch GET 200 https://registry.npmjs.org/pstree.remy 22ms (cache miss)
189 silly packumentCache full:https://registry.npmjs.org/pstree.remy set size:undefined disposed:false
190 silly fetch manifest supports-color@^5.5.0
191 silly packumentCache full:https://registry.npmjs.org/supports-color cache-miss
192 http fetch GET 200 https://registry.npmjs.org/supports-color 51ms (cache miss)
193 silly packumentCache full:https://registry.npmjs.org/supports-color set size:undefined disposed:false
194 silly fetch manifest ignore-by-default@^1.0.1
195 silly packumentCache full:https://registry.npmjs.org/ignore-by-default cache-miss
196 http fetch GET 200 https://registry.npmjs.org/ignore-by-default 19ms (cache miss)
197 silly packumentCache full:https://registry.npmjs.org/ignore-by-default set size:undefined disposed:false
198 silly fetch manifest simple-update-notifier@^2.0.0
199 silly packumentCache full:https://registry.npmjs.org/simple-update-notifier cache-miss
200 http fetch GET 200 https://registry.npmjs.org/simple-update-notifier 30ms (cache miss)
201 silly packumentCache full:https://registry.npmjs.org/simple-update-notifier set size:undefined disposed:false
202 silly placeDep ROOT object-assign@4.1.1 OK for: cors@2.8.6 want: ^4
203 silly placeDep ROOT vary@1.1.2 OK for: cors@2.8.6 want: ^1
204 silly placeDep ROOT accepts@1.3.8 OK for: express@4.22.3 want: ~1.3.8
205 silly placeDep ROOT array-flatten@1.1.1 OK for: express@4.22.3 want: 1.1.1
206 silly placeDep ROOT body-parser@1.20.8 OK for: express@4.22.3 want: ~1.20.5
207 silly placeDep ROOT content-disposition@0.5.4 OK for: express@4.22.3 want: ~0.5.4
208 silly placeDep ROOT content-type@1.0.5 OK for: express@4.22.3 want: ~1.0.4
209 silly placeDep ROOT cookie@0.7.2 OK for: express@4.22.3 want: ~0.7.1
210 silly placeDep ROOT cookie-signature@1.0.7 OK for: express@4.22.3 want: ~1.0.6
211 silly placeDep ROOT debug@2.6.9 OK for: express@4.22.3 want: 2.6.9
212 silly placeDep ROOT depd@2.0.0 OK for: express@4.22.3 want: 2.0.0
213 silly placeDep ROOT encodeurl@2.0.0 OK for: express@4.22.3 want: ~2.0.0
214 silly placeDep ROOT escape-html@1.0.3 OK for: express@4.22.3 want: ~1.0.3
215 silly placeDep ROOT etag@1.8.1 OK for: express@4.22.3 want: ~1.8.1
216 silly placeDep ROOT finalhandler@1.3.2 OK for: express@4.22.3 want: ~1.3.1
217 silly placeDep ROOT fresh@0.5.2 OK for: express@4.22.3 want: ~0.5.2
218 silly placeDep ROOT http-errors@2.0.1 OK for: express@4.22.3 want: ~2.0.0
219 silly placeDep ROOT merge-descriptors@1.0.3 OK for: express@4.22.3 want: 1.0.3
220 silly placeDep ROOT methods@1.1.2 OK for: express@4.22.3 want: ~1.1.2
221 silly placeDep ROOT on-finished@2.4.1 OK for: express@4.22.3 want: ~2.4.1
222 silly placeDep ROOT parseurl@1.3.3 OK for: express@4.22.3 want: ~1.3.3
223 silly placeDep ROOT path-to-regexp@0.1.13 OK for: express@4.22.3 want: ~0.1.13
224 silly placeDep ROOT proxy-addr@2.0.8 OK for: express@4.22.3 want: ~2.0.7
225 silly placeDep ROOT qs@6.16.0 OK for: express@4.22.3 want: ~6.16.0
226 silly placeDep ROOT range-parser@1.2.1 OK for: express@4.22.3 want: ~1.2.1
227 silly placeDep ROOT safe-buffer@5.2.1 OK for: express@4.22.3 want: 5.2.1
228 silly placeDep ROOT send@0.19.2 OK for: express@4.22.3 want: ~0.19.0
229 silly placeDep ROOT serve-static@1.16.3 OK for: express@4.22.3 want: ~1.16.2
230 silly placeDep ROOT setprototypeof@1.2.0 OK for: express@4.22.3 want: 1.2.0
231 silly placeDep ROOT statuses@2.0.2 OK for: express@4.22.3 want: ~2.0.1
232 silly placeDep ROOT type-is@1.6.18 OK for: express@4.22.3 want: ~1.6.18
233 silly placeDep ROOT utils-merge@1.0.1 OK for: express@4.22.3 want: 1.0.1
234 silly fetch manifest mime-types@~2.1.34
235 silly packumentCache full:https://registry.npmjs.org/mime-types cache-miss
236 http fetch GET 200 https://registry.npmjs.org/mime-types 20ms (cache miss)
237 silly packumentCache full:https://registry.npmjs.org/mime-types set size:undefined disposed:false
238 silly fetch manifest negotiator@0.6.3
239 silly packumentCache full:https://registry.npmjs.org/negotiator cache-miss
240 http fetch GET 200 https://registry.npmjs.org/negotiator 21ms (cache miss)
241 silly packumentCache full:https://registry.npmjs.org/negotiator set size:undefined disposed:false
242 silly fetch manifest bytes@~3.1.2
243 silly packumentCache full:https://registry.npmjs.org/bytes cache-miss
244 http fetch GET 200 https://registry.npmjs.org/bytes 20ms (cache miss)
245 silly packumentCache full:https://registry.npmjs.org/bytes set size:undefined disposed:false
246 silly fetch manifest unpipe@~1.0.0
247 silly packumentCache full:https://registry.npmjs.org/unpipe cache-miss
248 http fetch GET 200 https://registry.npmjs.org/unpipe 19ms (cache miss)
249 silly packumentCache full:https://registry.npmjs.org/unpipe set size:undefined disposed:false
250 silly fetch manifest destroy@~1.2.0
251 silly packumentCache full:https://registry.npmjs.org/destroy cache-miss
252 http fetch GET 200 https://registry.npmjs.org/destroy 19ms (cache miss)
253 silly packumentCache full:https://registry.npmjs.org/destroy set size:undefined disposed:false
254 silly fetch manifest raw-body@~2.5.3
255 silly packumentCache full:https://registry.npmjs.org/raw-body cache-miss
256 http fetch GET 200 https://registry.npmjs.org/raw-body 28ms (cache miss)
257 silly packumentCache full:https://registry.npmjs.org/raw-body set size:undefined disposed:false
258 silly fetch manifest iconv-lite@~0.4.24
259 silly packumentCache full:https://registry.npmjs.org/iconv-lite cache-miss
260 http fetch GET 200 https://registry.npmjs.org/iconv-lite 25ms (cache miss)
261 silly packumentCache full:https://registry.npmjs.org/iconv-lite set size:undefined disposed:false
262 silly fetch manifest http-errors@~2.0.1
263 silly packumentCache full:https://registry.npmjs.org/http-errors cache-miss
264 http cache https://registry.npmjs.org/http-errors 5ms (cache hit)
265 silly packumentCache full:https://registry.npmjs.org/http-errors set size:71987 disposed:false
266 silly fetch manifest content-type@~1.0.5
267 silly packumentCache full:https://registry.npmjs.org/content-type cache-miss
268 http cache https://registry.npmjs.org/content-type 3ms (cache hit)
269 silly packumentCache full:https://registry.npmjs.org/content-type set size:29578 disposed:false
270 silly fetch manifest ms@2.0.0
271 silly packumentCache full:https://registry.npmjs.org/ms cache-miss
272 http fetch GET 200 https://registry.npmjs.org/ms 25ms (cache miss)
273 silly packumentCache full:https://registry.npmjs.org/ms set size:undefined disposed:false
274 silly fetch manifest statuses@~2.0.2
275 silly packumentCache full:https://registry.npmjs.org/statuses cache-miss
276 http cache https://registry.npmjs.org/statuses 2ms (cache hit)
277 silly packumentCache full:https://registry.npmjs.org/statuses set size:37117 disposed:false
278 silly fetch manifest inherits@~2.0.4
279 silly packumentCache full:https://registry.npmjs.org/inherits cache-miss
280 http fetch GET 200 https://registry.npmjs.org/inherits 21ms (cache miss)
281 silly packumentCache full:https://registry.npmjs.org/inherits set size:undefined disposed:false
282 silly fetch manifest setprototypeof@~1.2.0
283 silly packumentCache full:https://registry.npmjs.org/setprototypeof cache-miss
284 http cache https://registry.npmjs.org/setprototypeof 2ms (cache hit)
285 silly packumentCache full:https://registry.npmjs.org/setprototypeof set size:14532 disposed:false
286 silly fetch manifest toidentifier@~1.0.1
287 silly packumentCache full:https://registry.npmjs.org/toidentifier cache-miss
288 http fetch GET 200 https://registry.npmjs.org/toidentifier 19ms (cache miss)
289 silly packumentCache full:https://registry.npmjs.org/toidentifier set size:undefined disposed:false
290 silly fetch manifest ee-first@1.1.1
291 silly packumentCache full:https://registry.npmjs.org/ee-first cache-miss
292 http fetch GET 200 https://registry.npmjs.org/ee-first 18ms (cache miss)
293 silly packumentCache full:https://registry.npmjs.org/ee-first set size:undefined disposed:false
294 silly fetch manifest forwarded@0.2.0
295 silly packumentCache full:https://registry.npmjs.org/forwarded cache-miss
296 http fetch GET 200 https://registry.npmjs.org/forwarded 19ms (cache miss)
297 silly packumentCache full:https://registry.npmjs.org/forwarded set size:undefined disposed:false
298 silly fetch manifest ipaddr.js@1.9.1
299 silly packumentCache full:https://registry.npmjs.org/ipaddr.js cache-miss
300 http fetch GET 200 https://registry.npmjs.org/ipaddr.js 21ms (cache miss)
301 silly packumentCache full:https://registry.npmjs.org/ipaddr.js set size:undefined disposed:false
302 silly fetch manifest side-channel@^1.1.1
303 silly packumentCache full:https://registry.npmjs.org/side-channel cache-miss
304 http fetch GET 200 https://registry.npmjs.org/side-channel 24ms (cache miss)
305 silly packumentCache full:https://registry.npmjs.org/side-channel set size:undefined disposed:false
306 silly fetch manifest es-define-property@^1.0.1
307 silly packumentCache full:https://registry.npmjs.org/es-define-property cache-miss
308 http fetch GET 200 https://registry.npmjs.org/es-define-property 28ms (cache miss)
309 silly packumentCache full:https://registry.npmjs.org/es-define-property set size:undefined disposed:false
310 silly fetch manifest ms@2.1.3
311 silly packumentCache full:https://registry.npmjs.org/ms cache-miss
312 http cache https://registry.npmjs.org/ms 3ms (cache hit)
313 silly packumentCache full:https://registry.npmjs.org/ms set size:92208 disposed:false
314 silly fetch manifest mime@1.6.0
315 silly packumentCache full:https://registry.npmjs.org/mime cache-miss
316 http fetch GET 200 https://registry.npmjs.org/mime 30ms (cache miss)
317 silly packumentCache full:https://registry.npmjs.org/mime set size:undefined disposed:false
318 silly fetch manifest destroy@1.2.0
319 silly packumentCache full:https://registry.npmjs.org/destroy cache-miss
320 http cache https://registry.npmjs.org/destroy 2ms (cache hit)
321 silly packumentCache full:https://registry.npmjs.org/destroy set size:15738 disposed:false
322 silly fetch manifest mime-types@~2.1.24
323 silly packumentCache full:https://registry.npmjs.org/mime-types cache-miss
324 http cache https://registry.npmjs.org/mime-types 3ms (cache hit)
325 silly packumentCache full:https://registry.npmjs.org/mime-types set size:139110 disposed:false
326 silly fetch manifest media-typer@0.3.0
327 silly packumentCache full:https://registry.npmjs.org/media-typer cache-miss
328 http fetch GET 200 https://registry.npmjs.org/media-typer 25ms (cache miss)
329 silly packumentCache full:https://registry.npmjs.org/media-typer set size:undefined disposed:false
330 silly placeDep ROOT mime-types@2.1.35 OK for: accepts@1.3.8 want: ~2.1.34
331 silly placeDep ROOT negotiator@0.6.3 OK for: accepts@1.3.8 want: 0.6.3
332 silly fetch manifest mime-db@1.52.0
333 silly packumentCache full:https://registry.npmjs.org/mime-db cache-miss
334 http fetch GET 200 https://registry.npmjs.org/mime-db 21ms (cache miss)
335 silly packumentCache full:https://registry.npmjs.org/mime-db set size:undefined disposed:false
336 silly placeDep ROOT bytes@3.1.2 OK for: body-parser@1.20.8 want: ~3.1.2
337 silly placeDep ROOT destroy@1.2.0 OK for: body-parser@1.20.8 want: ~1.2.0
338 silly placeDep ROOT iconv-lite@0.4.24 OK for: body-parser@1.20.8 want: ~0.4.24
339 silly placeDep ROOT raw-body@2.5.3 OK for: body-parser@1.20.8 want: ~2.5.3
340 silly placeDep ROOT unpipe@1.0.0 OK for: body-parser@1.20.8 want: ~1.0.0
341 silly fetch manifest safer-buffer@>= 2.1.2 < 3
342 silly packumentCache full:https://registry.npmjs.org/safer-buffer cache-miss
343 http fetch GET 200 https://registry.npmjs.org/safer-buffer 22ms (cache miss)
344 silly packumentCache full:https://registry.npmjs.org/safer-buffer set size:undefined disposed:false
345 silly placeDep ROOT ms@2.0.0 OK for: debug@2.6.9 want: 2.0.0
346 silly placeDep ROOT inherits@2.0.4 OK for: http-errors@2.0.1 want: ~2.0.4
347 silly placeDep ROOT toidentifier@1.0.1 OK for: http-errors@2.0.1 want: ~1.0.1
348 silly placeDep ROOT safer-buffer@2.1.2 OK for: iconv-lite@0.4.24 want: >= 2.1.2 < 3
349 silly placeDep ROOT mime-db@1.52.0 OK for: mime-types@2.1.35 want: 1.52.0
350 silly placeDep ROOT chokidar@3.6.0 OK for: nodemon@3.1.14 want: ^3.5.2
351 silly placeDep node_modules/nodemon debug@4.4.3 OK for: nodemon@3.1.14 want: ^4
352 silly placeDep ROOT ignore-by-default@1.0.1 OK for: nodemon@3.1.14 want: ^1.0.1
353 silly placeDep ROOT minimatch@10.2.6 OK for: nodemon@3.1.14 want: ^10.2.1
354 silly placeDep ROOT pstree.remy@1.1.8 OK for: nodemon@3.1.14 want: ^1.1.8
355 silly placeDep ROOT semver@7.8.5 OK for: nodemon@3.1.14 want: ^7.5.3
356 silly placeDep ROOT simple-update-notifier@2.0.0 OK for: nodemon@3.1.14 want: ^2.0.0
357 silly placeDep ROOT supports-color@5.5.0 OK for: nodemon@3.1.14 want: ^5.5.0
358 silly placeDep ROOT touch@3.1.1 OK for: nodemon@3.1.14 want: ^3.1.0
359 silly placeDep ROOT undefsafe@2.0.5 OK for: nodemon@3.1.14 want: ^2.0.5
360 silly fetch manifest braces@~3.0.2
361 silly packumentCache full:https://registry.npmjs.org/braces cache-miss
362 http fetch GET 200 https://registry.npmjs.org/braces 23ms (cache miss)
363 silly packumentCache full:https://registry.npmjs.org/braces set size:undefined disposed:false
364 silly fetch manifest is-glob@~4.0.1
365 silly packumentCache full:https://registry.npmjs.org/is-glob cache-miss
366 http fetch GET 200 https://registry.npmjs.org/is-glob 19ms (cache miss)
367 silly packumentCache full:https://registry.npmjs.org/is-glob set size:undefined disposed:false
368 silly fetch manifest anymatch@~3.1.2
369 silly packumentCache full:https://registry.npmjs.org/anymatch cache-miss
370 http fetch GET 200 https://registry.npmjs.org/anymatch 21ms (cache miss)
371 silly packumentCache full:https://registry.npmjs.org/anymatch set size:undefined disposed:false
372 silly fetch manifest readdirp@~3.6.0
373 silly packumentCache full:https://registry.npmjs.org/readdirp cache-miss
374 http fetch GET 200 https://registry.npmjs.org/readdirp 22ms (cache miss)
375 silly packumentCache full:https://registry.npmjs.org/readdirp set size:undefined disposed:false
376 silly fetch manifest glob-parent@~5.1.2
377 silly packumentCache full:https://registry.npmjs.org/glob-parent cache-miss
378 http fetch GET 200 https://registry.npmjs.org/glob-parent 19ms (cache miss)
379 silly packumentCache full:https://registry.npmjs.org/glob-parent set size:undefined disposed:false
380 silly fetch manifest is-binary-path@~2.1.0
381 silly packumentCache full:https://registry.npmjs.org/is-binary-path cache-miss
382 http fetch GET 200 https://registry.npmjs.org/is-binary-path 20ms (cache miss)
383 silly packumentCache full:https://registry.npmjs.org/is-binary-path set size:undefined disposed:false
384 silly fetch manifest normalize-path@~3.0.0
385 silly packumentCache full:https://registry.npmjs.org/normalize-path cache-miss
386 http fetch GET 200 https://registry.npmjs.org/normalize-path 23ms (cache miss)
387 silly packumentCache full:https://registry.npmjs.org/normalize-path set size:undefined disposed:false
388 silly fetch manifest fsevents@~2.3.2
389 silly packumentCache full:https://registry.npmjs.org/fsevents cache-miss
390 http fetch GET 200 https://registry.npmjs.org/fsevents 23ms (cache miss)
391 silly packumentCache full:https://registry.npmjs.org/fsevents set size:undefined disposed:false
392 silly fetch manifest ms@^2.1.3
393 silly packumentCache full:https://registry.npmjs.org/ms cache-hit
394 silly fetch manifest brace-expansion@^5.0.8
395 silly packumentCache full:https://registry.npmjs.org/brace-expansion cache-miss
396 http fetch GET 200 https://registry.npmjs.org/brace-expansion 23ms (cache miss)
397 silly packumentCache full:https://registry.npmjs.org/brace-expansion set size:undefined disposed:false
398 silly fetch manifest has-flag@^3.0.0
399 silly packumentCache full:https://registry.npmjs.org/has-flag cache-miss
400 http fetch GET 200 https://registry.npmjs.org/has-flag 45ms (cache miss)
401 silly packumentCache full:https://registry.npmjs.org/has-flag set size:undefined disposed:false
402 silly placeDep ROOT anymatch@3.1.3 OK for: chokidar@3.6.0 want: ~3.1.2
403 silly placeDep ROOT braces@3.0.3 OK for: chokidar@3.6.0 want: ~3.0.2
404 silly placeDep ROOT fsevents@2.3.3 OK for: chokidar@3.6.0 want: ~2.3.2
405 silly placeDep ROOT glob-parent@5.1.2 OK for: chokidar@3.6.0 want: ~5.1.2
406 silly placeDep ROOT is-binary-path@2.1.0 OK for: chokidar@3.6.0 want: ~2.1.0
407 silly placeDep ROOT is-glob@4.0.3 OK for: chokidar@3.6.0 want: ~4.0.1
408 silly placeDep ROOT normalize-path@3.0.0 OK for: chokidar@3.6.0 want: ~3.0.0
409 silly placeDep ROOT readdirp@3.6.0 OK for: chokidar@3.6.0 want: ~3.6.0
410 silly fetch manifest picomatch@^2.0.4
411 silly packumentCache full:https://registry.npmjs.org/picomatch cache-miss
412 http fetch GET 200 https://registry.npmjs.org/picomatch 27ms (cache miss)
413 silly packumentCache full:https://registry.npmjs.org/picomatch set size:undefined disposed:false
414 silly fetch manifest normalize-path@^3.0.0
415 silly packumentCache full:https://registry.npmjs.org/normalize-path cache-miss
416 http cache https://registry.npmjs.org/normalize-path 3ms (cache hit)
417 silly packumentCache full:https://registry.npmjs.org/normalize-path set size:28713 disposed:false
418 silly fetch manifest fill-range@^7.1.1
419 silly packumentCache full:https://registry.npmjs.org/fill-range cache-miss
420 http fetch GET 200 https://registry.npmjs.org/fill-range 22ms (cache miss)
421 silly packumentCache full:https://registry.npmjs.org/fill-range set size:undefined disposed:false
422 silly fetch manifest is-glob@^4.0.1
423 silly packumentCache full:https://registry.npmjs.org/is-glob cache-miss
424 http cache https://registry.npmjs.org/is-glob 2ms (cache hit)
425 silly packumentCache full:https://registry.npmjs.org/is-glob set size:40530 disposed:false
426 silly fetch manifest binary-extensions@^2.0.0
427 silly packumentCache full:https://registry.npmjs.org/binary-extensions cache-miss
428 http fetch GET 200 https://registry.npmjs.org/binary-extensions 21ms (cache miss)
429 silly packumentCache full:https://registry.npmjs.org/binary-extensions set size:undefined disposed:false
430 silly fetch manifest is-extglob@^2.1.1
431 silly packumentCache full:https://registry.npmjs.org/is-extglob cache-miss
432 http fetch GET 200 https://registry.npmjs.org/is-extglob 16ms (cache miss)
433 silly packumentCache full:https://registry.npmjs.org/is-extglob set size:undefined disposed:false
434 silly fetch manifest picomatch@^2.2.1
435 silly packumentCache full:https://registry.npmjs.org/picomatch cache-miss
436 http cache https://registry.npmjs.org/picomatch 2ms (cache hit)
437 silly packumentCache full:https://registry.npmjs.org/picomatch set size:134451 disposed:false
438 silly placeDep ROOT picomatch@2.3.2 OK for: anymatch@3.1.3 want: ^2.0.4
439 silly placeDep ROOT fill-range@7.1.1 OK for: braces@3.0.3 want: ^7.1.1
440 silly fetch manifest to-regex-range@^5.0.1
441 silly packumentCache full:https://registry.npmjs.org/to-regex-range cache-miss
442 http fetch GET 200 https://registry.npmjs.org/to-regex-range 20ms (cache miss)
443 silly packumentCache full:https://registry.npmjs.org/to-regex-range set size:undefined disposed:false
444 silly placeDep ROOT to-regex-range@5.0.1 OK for: fill-range@7.1.1 want: ^5.0.1
445 silly fetch manifest is-number@^7.0.0
446 silly packumentCache full:https://registry.npmjs.org/is-number cache-miss
447 http fetch GET 200 https://registry.npmjs.org/is-number 17ms (cache miss)
448 silly packumentCache full:https://registry.npmjs.org/is-number set size:undefined disposed:false
449 silly placeDep ROOT binary-extensions@2.3.0 OK for: is-binary-path@2.1.0 want: ^2.0.0
450 silly placeDep ROOT is-extglob@2.1.1 OK for: is-glob@4.0.3 want: ^2.1.1
451 silly placeDep ROOT brace-expansion@5.0.12 OK for: minimatch@10.2.6 want: ^5.0.8
452 silly fetch manifest balanced-match@^4.0.2
453 silly packumentCache full:https://registry.npmjs.org/balanced-match cache-miss
454 http fetch GET 200 https://registry.npmjs.org/balanced-match 19ms (cache miss)
455 silly packumentCache full:https://registry.npmjs.org/balanced-match set size:undefined disposed:false
456 silly placeDep ROOT balanced-match@4.0.4 OK for: brace-expansion@5.0.12 want: ^4.0.2
457 silly placeDep ROOT ee-first@1.1.1 OK for: on-finished@2.4.1 want: 1.1.1
458 silly placeDep ROOT forwarded@0.2.0 OK for: proxy-addr@2.0.8 want: 0.2.0
459 silly placeDep ROOT ipaddr.js@1.9.1 OK for: proxy-addr@2.0.8 want: 1.9.1
460 silly placeDep ROOT es-define-property@1.0.1 OK for: qs@6.16.0 want: ^1.0.1
461 silly placeDep ROOT side-channel@1.1.1 OK for: qs@6.16.0 want: ^1.1.1
462 silly fetch manifest es-errors@^1.3.0
463 silly packumentCache full:https://registry.npmjs.org/es-errors cache-miss
464 http fetch GET 200 https://registry.npmjs.org/es-errors 20ms (cache miss)
465 silly packumentCache full:https://registry.npmjs.org/es-errors set size:undefined disposed:false
466 silly fetch manifest object-inspect@^1.13.4
467 silly packumentCache full:https://registry.npmjs.org/object-inspect cache-miss
468 http fetch GET 200 https://registry.npmjs.org/object-inspect 23ms (cache miss)
469 silly packumentCache full:https://registry.npmjs.org/object-inspect set size:undefined disposed:false
470 silly fetch manifest side-channel-list@^1.0.1
471 silly packumentCache full:https://registry.npmjs.org/side-channel-list cache-miss
472 http fetch GET 200 https://registry.npmjs.org/side-channel-list 18ms (cache miss)
473 silly packumentCache full:https://registry.npmjs.org/side-channel-list set size:undefined disposed:false
474 silly fetch manifest side-channel-map@^1.0.1
475 silly packumentCache full:https://registry.npmjs.org/side-channel-map cache-miss
476 http fetch GET 200 https://registry.npmjs.org/side-channel-map 23ms (cache miss)
477 silly packumentCache full:https://registry.npmjs.org/side-channel-map set size:undefined disposed:false
478 silly fetch manifest side-channel-weakmap@^1.0.2
479 silly packumentCache full:https://registry.npmjs.org/side-channel-weakmap cache-miss
480 http fetch GET 200 https://registry.npmjs.org/side-channel-weakmap 22ms (cache miss)
481 silly packumentCache full:https://registry.npmjs.org/side-channel-weakmap set size:undefined disposed:false
482 silly placeDep ROOT mime@1.6.0 OK for: send@0.19.2 want: 1.6.0
483 silly placeDep node_modules/send ms@2.1.3 OK for: send@0.19.2 want: 2.1.3
484 silly placeDep ROOT es-errors@1.3.0 OK for: side-channel@1.1.1 want: ^1.3.0
485 silly placeDep ROOT object-inspect@1.13.4 OK for: side-channel@1.1.1 want: ^1.13.4
486 silly placeDep ROOT side-channel-list@1.0.1 OK for: side-channel@1.1.1 want: ^1.0.1
487 silly placeDep ROOT side-channel-map@1.0.1 OK for: side-channel@1.1.1 want: ^1.0.1
488 silly placeDep ROOT side-channel-weakmap@1.0.2 OK for: side-channel@1.1.1 want: ^1.0.2
489 silly fetch manifest call-bound@^1.0.2
490 silly packumentCache full:https://registry.npmjs.org/call-bound cache-miss
491 http fetch GET 200 https://registry.npmjs.org/call-bound 24ms (cache miss)
492 silly packumentCache full:https://registry.npmjs.org/call-bound set size:undefined disposed:false
493 silly fetch manifest get-intrinsic@^1.2.5
494 silly packumentCache full:https://registry.npmjs.org/get-intrinsic cache-miss
495 http fetch GET 200 https://registry.npmjs.org/get-intrinsic 21ms (cache miss)
496 silly packumentCache full:https://registry.npmjs.org/get-intrinsic set size:undefined disposed:false
497 silly placeDep ROOT call-bound@1.0.4 OK for: side-channel-map@1.0.1 want: ^1.0.2
498 silly placeDep ROOT get-intrinsic@1.3.0 OK for: side-channel-map@1.0.1 want: ^1.2.5
499 silly fetch manifest call-bind-apply-helpers@^1.0.2
500 silly packumentCache full:https://registry.npmjs.org/call-bind-apply-helpers cache-miss
501 http fetch GET 200 https://registry.npmjs.org/call-bind-apply-helpers 22ms (cache miss)
502 silly packumentCache full:https://registry.npmjs.org/call-bind-apply-helpers set size:undefined disposed:false
503 silly fetch manifest get-intrinsic@^1.3.0
504 silly packumentCache full:https://registry.npmjs.org/get-intrinsic cache-miss
505 http cache https://registry.npmjs.org/get-intrinsic 1ms (cache hit)
506 silly packumentCache full:https://registry.npmjs.org/get-intrinsic set size:60985 disposed:false
507 silly fetch manifest gopd@^1.2.0
508 silly packumentCache full:https://registry.npmjs.org/gopd cache-miss
509 http fetch GET 200 https://registry.npmjs.org/gopd 22ms (cache miss)
510 silly packumentCache full:https://registry.npmjs.org/gopd set size:undefined disposed:false
511 silly fetch manifest hasown@^2.0.2
512 silly packumentCache full:https://registry.npmjs.org/hasown cache-miss
513 http fetch GET 200 https://registry.npmjs.org/hasown 23ms (cache miss)
514 silly packumentCache full:https://registry.npmjs.org/hasown set size:undefined disposed:false
515 silly fetch manifest get-proto@^1.0.1
516 silly packumentCache full:https://registry.npmjs.org/get-proto cache-miss
517 http fetch GET 200 https://registry.npmjs.org/get-proto 23ms (cache miss)
518 silly packumentCache full:https://registry.npmjs.org/get-proto set size:undefined disposed:false
519 silly fetch manifest has-symbols@^1.1.0
520 silly packumentCache full:https://registry.npmjs.org/has-symbols cache-miss
521 http fetch GET 200 https://registry.npmjs.org/has-symbols 20ms (cache miss)
522 silly packumentCache full:https://registry.npmjs.org/has-symbols set size:undefined disposed:false
523 silly fetch manifest function-bind@^1.1.2
524 silly packumentCache full:https://registry.npmjs.org/function-bind cache-miss
525 http fetch GET 200 https://registry.npmjs.org/function-bind 24ms (cache miss)
526 silly packumentCache full:https://registry.npmjs.org/function-bind set size:undefined disposed:false
527 silly fetch manifest es-object-atoms@^1.1.1
528 silly packumentCache full:https://registry.npmjs.org/es-object-atoms cache-miss
529 http fetch GET 200 https://registry.npmjs.org/es-object-atoms 23ms (cache miss)
530 silly packumentCache full:https://registry.npmjs.org/es-object-atoms set size:undefined disposed:false
531 silly fetch manifest math-intrinsics@^1.1.0
532 silly packumentCache full:https://registry.npmjs.org/math-intrinsics cache-miss
533 http fetch GET 200 https://registry.npmjs.org/math-intrinsics 23ms (cache miss)
534 silly packumentCache full:https://registry.npmjs.org/math-intrinsics set size:undefined disposed:false
535 silly placeDep ROOT call-bind-apply-helpers@1.0.2 OK for: call-bound@1.0.4 want: ^1.0.2
536 silly placeDep ROOT function-bind@1.1.2 OK for: call-bind-apply-helpers@1.0.2 want: ^1.1.2
537 silly placeDep ROOT es-object-atoms@1.1.2 OK for: get-intrinsic@1.3.0 want: ^1.1.1
538 silly placeDep ROOT get-proto@1.0.1 OK for: get-intrinsic@1.3.0 want: ^1.0.1
539 silly placeDep ROOT gopd@1.2.0 OK for: get-intrinsic@1.3.0 want: ^1.2.0
540 silly placeDep ROOT has-symbols@1.1.0 OK for: get-intrinsic@1.3.0 want: ^1.1.0
541 silly placeDep ROOT hasown@2.0.4 OK for: get-intrinsic@1.3.0 want: ^2.0.2
542 silly placeDep ROOT math-intrinsics@1.1.0 OK for: get-intrinsic@1.3.0 want: ^1.1.0
543 silly fetch manifest dunder-proto@^1.0.1
544 silly packumentCache full:https://registry.npmjs.org/dunder-proto cache-miss
545 http fetch GET 200 https://registry.npmjs.org/dunder-proto 22ms (cache miss)
546 silly packumentCache full:https://registry.npmjs.org/dunder-proto set size:undefined disposed:false
547 silly placeDep ROOT dunder-proto@1.0.1 OK for: get-proto@1.0.1 want: ^1.0.1
548 silly placeDep ROOT has-flag@3.0.0 OK for: supports-color@5.5.0 want: ^3.0.0
549 silly placeDep ROOT is-number@7.0.0 OK for: to-regex-range@5.0.1 want: ^7.0.0
550 silly placeDep ROOT media-typer@0.3.0 OK for: type-is@1.6.18 want: 0.3.0
551 silly placeDep node_modules/nodemon ms@2.1.3 OK for: debug@4.4.3 want: ^2.1.3
552 silly reify moves {}
553 verbose stack Error: EACCES: permission denied, mkdir '/home/ec2-user/myapp/backend/node_modules'
553 verbose stack     at async mkdir (node:internal/fs/promises:1564:10)
553 verbose stack     at async /usr/lib/nodejs24/lib/node_modules/npm/node_modules/@npmcli/arborist/lib/arborist/reify.js:624:20
553 verbose stack     at async Promise.allSettled (index 0)
553 verbose stack     at async #reifyPackages (/usr/lib/nodejs24/lib/node_modules/npm/node_modules/@npmcli/arborist/lib/arborist/reify.js:353:11)
553 verbose stack     at async Arborist.reify (/usr/lib/nodejs24/lib/node_modules/npm/node_modules/@npmcli/arborist/lib/arborist/reify.js:139:7)
553 verbose stack     at async Install.exec (/usr/lib/nodejs24/lib/node_modules/npm/lib/commands/install.js:158:5)
553 verbose stack     at async Npm.exec (/usr/lib/nodejs24/lib/node_modules/npm/lib/npm.js:193:9)
553 verbose stack     at async module.exports (/usr/lib/nodejs24/lib/node_modules/npm/lib/cli/entry.js:67:5)
554 error code EACCES
555 error syscall mkdir
556 error path /home/ec2-user/myapp/backend/node_modules
557 error errno -13
558 error Error: EACCES: permission denied, mkdir '/home/ec2-user/myapp/backend/node_modules'
558 error     at async mkdir (node:internal/fs/promises:1564:10)
558 error     at async /usr/lib/nodejs24/lib/node_modules/npm/node_modules/@npmcli/arborist/lib/arborist/reify.js:624:20
558 error     at async Promise.allSettled (index 0)
558 error     at async #reifyPackages (/usr/lib/nodejs24/lib/node_modules/npm/node_modules/@npmcli/arborist/lib/arborist/reify.js:353:11)
558 error     at async Arborist.reify (/usr/lib/nodejs24/lib/node_modules/npm/node_modules/@npmcli/arborist/lib/arborist/reify.js:139:7)
558 error     at async Install.exec (/usr/lib/nodejs24/lib/node_modules/npm/lib/commands/install.js:158:5)
558 error     at async Npm.exec (/usr/lib/nodejs24/lib/node_modules/npm/lib/npm.js:193:9)
558 error     at async module.exports (/usr/lib/nodejs24/lib/node_modules/npm/lib/cli/entry.js:67:5) {
558 error   errno: -13,
558 error   code: 'EACCES',
558 error   syscall: 'mkdir',
558 error   path: '/home/ec2-user/myapp/backend/node_modules'
558 error }
559 error
559 error The operation was rejected by your operating system.
559 error It is likely you do not have the permissions to access this file as the current user
559 error
559 error If you believe this might be a permissions issue, please double-check the permissions of the file and its containing directories, or try running the command again as root/Administrator.
560 silly unfinished npm timer reify 1791279031545
561 silly unfinished npm timer reify:createSparse 1791279034331
562 verbose cwd /home/ec2-user/myapp/backend
563 verbose os Linux 6.18.51-120.163.amzn2023.x86_64
564 verbose node v24.21.0
565 verbose npm  v11.19.0
566 notice
566 notice New [31mmajor[39m version of npm available! [31m11.19.0[39m -> [34m12.2.0[39m
566 notice Changelog: [34mhttps://github.com/npm/cli/releases/tag/v12.2.0[39m
566 notice To update run: [4mnpm install -g npm@12.2.0[24m
566 notice  { force: true, Symbol(proc-log.meta): true }
567 verbose exit -13
568 verbose code -13
569 error A complete log of this run can be found in: /home/ec2-user/.npm/_logs/2026-10-06T09_30_31_150Z-debug-0.log
